
> portofolio-luthfi@1.0.0 build
> vite build

[36mvite v7.3.1 [32mbuilding client environment for production...[36m[39m
[plugin @laravel/vite-plugin-wayfinder] Types generated for actions, routes, form variants
transforming...
[32mΓ£ô[39m 1385 modules transformed.
node.exe : [31mΓ£ù[39m Build 
failed in 5.69s
At line:1 char:1
+ & "C:\Program 
Files\nodejs/node.exe" 
"C:\Users\luthf\AppData\Roaming\ 
...
+ ~~~~~~~~~~~~~~~~~~~~~~~~~~~~~~~~~
~~~~~~~~~~~~~~~~~~~~~~~~~~~~~~~~~~~
~
    + CategoryInfo          : NotS 
   pecified: ([31mΓ£ù[39m Build  
   failed in 5.69s:String) [], R   
 emoteException
    + FullyQualifiedErrorId : Nati 
   veCommandError
 
[31merror during build:
[31m[vite:load-fallback] Could 
not load 
/resources/js/routes/appearance 
(imported by resources/js/pages/set
tings/appearance.tsx): ENOENT: no 
such file or directory, open 'D:\re
sources\js\routes\appearance'[31m
    at async open 
(node:internal/fs/promises:641:25)
    at async Object.readFile 
(node:internal/fs/promises:1245:14)
    at async Object.handler (file:/
//D:/github/Portofolio/portofolio-l
uthfi/node_modules/vite/dist/node/c
hunks/config.js:33169:21)
    at async 
PluginDriver.hookFirstAndGetPlugin 
(file:///D:/github/Portofolio/porto
folio-luthfi/node_modules/rollup/di
st/es/shared/node-entry.js:22409:28
)
    at async file:///D:/github/Port
ofolio/portofolio-luthfi/node_modul
es/rollup/dist/es/shared/node-entry
.js:21409:33
    at async Queue.work (file:///D:
/github/Portofolio/portofolio-luthf
i/node_modules/rollup/dist/es/share
d/node-entry.js:22637:32)[39m
